PLAY launch
PLAY cycle {"labels":["BARE HANDS","PISTOL","THROWN\nAUNTIE'S SLIPPER","DRUM-MAG VINTAGE SMG\nTHE TOMMY TONY","HAND CANNON\nHOLY BABY DRAKE","FLAMETHROWER\nJOLLOF BURNER","DRAGON-FIRE RIFLE\nBLUEBERRY BLASTER","LEGENDARY\nLEGENDARY DRACO — DECEMBER'S GIFT","LEGENDARY\nTHE GOLDEN DRACO","LAUNCHER\nTHE RPG","POCKET PISTOL\nLIL OGA","SMG\nMAC & CHEESE","RIFLE\nCHOPSTICK SNIPER","DOUBLE BARREL\nSAPPORO SHOTGUN"],"guns":[{"id":"lil_oga","offered":true},{"id":"sapporo_shotgun","offered":true},{"id":"mac_and_cheese","offered":true},{"id":"chopstick_sniper","offered":true},{"id":"tommy_tony","offered":true},{"id":"holy_baby_drake","offered":true},{"id":"jollof_burner","offered":true},{"id":"blueberry_blaster","offered":true},{"id":"legendary_draco","offered":true},{"id":"golden_draco","offered":true},{"id":"rpg","offered":true},{"id":"auntie_slipper","offered":true},{"id":"triple_k_kratos","offered":false}]}
CASE after blood true
CASE after octopus true
CASE after bite true
CASE after revenge true
CASE after petty true
CASE after hex true
CASE after veil true
CASE after seance true
CASE after ringer true
CASE after lil_oga true
CASE after sapporo_shotgun true
CASE after mac_and_cheese true
CASE after chopstick_sniper true
CASE after tommy_tony true
CASE after holy_baby_drake true
CASE after jollof_burner true
CASE after blueberry_blaster true
CASE after legendary_draco true
CASE after golden_draco true
CASE after rpg true
CASE after auntie_slipper true
CASE after triple_k_kratos true
CASE after blessed_rounds true
CASE after drum_mag true
CASE after silencer true
CASE after scope true
CASE after gold_plating true
CASE after custom_engraving true
MOVE CENSUS after {"rows":28,"exactPath":{"equipped":["mac_and_cheese"],"menu":["fight","item","hoes","run","weapon:iron_and_grace_gun"],"moves":["petty","hex","veil","seance"],"fired":true},"errors":[]}
