{
 "frozenFiles": 954,
 "assets": {
  "FROZEN + ALREADY INTEGRATED": 867,
  "REGISTERED — NO OBJECTIVE BEAT": 5,
  "REGISTERED — NO LIVE SURFACE": 9,
  "REGISTERED — PERSON NOT ON STAGE": 1,
  "REGISTERED — CAST CHANGE REQUIRED": 1,
  "REGISTERED — ART-MAPPED SURFACE CONFLICT": 2,
  "REGISTERED — MAPPING AMBIGUOUS": 3,
  "REGISTERED — COVERED BY STATE": 2,
  "REGISTERED — ART GEOMETRY AMBIGUITY": 3,
  "REFERENCE — UI VISUAL-TREATMENT AUTHORITY ONLY": 13,
  "HANDOFF SHEET (placement uses individual masters)": 12,
  "FROZEN + MAPPING AMBIGUOUS": 4,
  "FROZEN STATE AVAILABLE": 8,
  "FROZEN + SUPERSEDED (history preserved)": 2,
  "FROZEN LIBRARY (no authorized runtime assignment)": 9,
  "FROZEN + READY TO INTEGRATE": 13
 },
 "demand": {
  "environment: NO APPROVED ART YET": 7,
  "person: NO APPROVED ART YET": 5
 },
 "screens": {
  "PASS": 267,
  "HOLD": 15
 }
}
