PASS 360: dancer sheets loaded
PASS 360: rosalyn inside the stage horizontally (223.0..320.3 of 344)
PASS 360: rosalyn keeps >=6px headroom under the HUD (23.1px)
PASS 360: rosalyn stands on the shared feet line
PASS 360: emerald inside the stage horizontally (29.4..114.9 of 344)
PASS 360: emerald keeps >=6px headroom under the HUD (26.7px)
PASS 360: emerald stands on the shared feet line
PASS 360: roxy inside the stage horizontally (122.0..222.0 of 344)
PASS 360: roxy keeps >=6px headroom under the HUD (6.0px)
PASS 360: roxy stands on the shared feet line
PASS 360: three support buttons >=44px, fully on screen (112x71, 112x71, 112x71)
PASS 360: budget bar visible without scrolling (bottom 730 / 740)
PASS 360: animation advancing ({"wolf":6,"dragon":6,"pink":6} -> {"wolf":23,"dragon":23,"pink":23})
PASS 360: no console/page errors
PASS 360: no failed or missing assets
PASS 390: dancer sheets loaded
PASS 390: rosalyn inside the stage horizontally (223.7..360.6 of 370)
PASS 390: rosalyn keeps >=6px headroom under the HUD (30.1px)
PASS 390: rosalyn stands on the shared feet line
PASS 390: emerald inside the stage horizontally (17.4..137.7 of 370)
PASS 390: emerald keeps >=6px headroom under the HUD (35.1px)
PASS 390: emerald stands on the shared feet line
PASS 390: roxy inside the stage horizontally (114.6..255.4 of 370)
PASS 390: roxy keeps >=6px headroom under the HUD (6.0px)
PASS 390: roxy stands on the shared feet line
PASS 390: three support buttons >=44px, fully on screen (121x62, 121x62, 121x62)
PASS 390: budget bar visible without scrolling (bottom 816 / 844)
PASS 390: animation advancing ({"wolf":3,"dragon":3,"pink":3} -> {"wolf":20,"dragon":20,"pink":20})
PASS 390: no console/page errors
PASS 390: no failed or missing assets
PASS 430: dancer sheets loaded
PASS 430: rosalyn inside the stage horizontally (247.0..400.5 of 410)
PASS 430: rosalyn keeps >=6px headroom under the HUD (54.8px)
PASS 430: rosalyn stands on the shared feet line
PASS 430: emerald inside the stage horizontally (18.5..153.4 of 410)
PASS 430: emerald keeps >=6px headroom under the HUD (60.4px)
PASS 430: emerald stands on the shared feet line
PASS 430: roxy inside the stage horizontally (126.1..283.9 of 410)
PASS 430: roxy keeps >=6px headroom under the HUD (27.8px)
PASS 430: roxy stands on the shared feet line
PASS 430: three support buttons >=44px, fully on screen (134x62, 134x62, 134x62)
PASS 430: budget bar visible without scrolling (bottom 904 / 932)
PASS 430: animation advancing ({"wolf":3,"dragon":3,"pink":3} -> {"wolf":19,"dragon":19,"pink":19})
PASS 430: no console/page errors
PASS 430: no failed or missing assets

45/45 checks passed
