{
 "seedsPerJobPolicy": 250,
 "totalPlays": 10000,
 "seconds": 357,
 "bands": [
  {
   "class": "routine",
   "plays": 8000,
   "failures": 358,
   "rate": 4.47,
   "target": 8,
   "pass": true
  },
  {
   "class": "BIG PLAY",
   "plays": 1000,
   "failures": 163,
   "rate": 16.3,
   "target": 20,
   "pass": true
  },
  {
   "class": "HOLD THE HOUSE",
   "plays": 1000,
   "failures": 42,
   "rate": 4.2,
   "target": 8,
   "pass": true
  }
 ]
}
PASS OL-022 routine: 4.47% named-captured over 8000 PLAYs (target <= 8%)
PASS OL-022 BIG PLAY: 16.3% named-captured over 1000 PLAYs (target <= 20%)
PASS OL-022 HOLD THE HOUSE: 4.2% named-captured over 1000 PLAYs (target <= 8%)
