primary 800 (38181 ms)
replicate baseline (88474 ms)
calls off (96452 ms)
careers careful (135317 ms)
careers greedy (182430 ms)
careers naive (219293 ms)
careers random (254951 ms)
retention arms (355982 ms)

=== TUNED SIM ===
T1 generic death (PLAYs w/ generics aboard): 10.0% | was 24.9% | target 10–12%
T2 named CAPTURED (share of PLAYs): 5.8% | was 18.0% | target ≤8%
T3 SPLIT: 4.8% by car {"SUPRA":"2.5%","URUS":"4.5%","HOOPTIE":"7.8%","S2000":"4.4%","CASTLE":"0.0%"} | was 1.8% | target 4–6%
T4 step 1: n=2128 P(success)=77.2% pot=75.93 EV=18.95 (28.1% of pot mean-rel)
T4 step 2: n=1535 P(success)=56.4% pot=123.08 EV=-4.34 (-5.5% of pot mean-rel)
T4 step 3: n=768 P(success)=33.7% pot=207.17 EV=-95.47 (-48.9% of pot mean-rel)
   step-2 visible jackpot share: 13.6% | step-2 aggregate EV/pot: -3.5%
   step-3 aggregate EV/pot: -46.1%
   step-1 aggregate EV/pot: 24.9%
   top loss causes: ENEMY: hunters go straight for vampires 223 | ENEMY: the lieutenant lifted his crew 166 | GREED: they went back in 128 | ENEMY: enforcers charge the front seat 102 | SWAP: the crew could not cover every side (a MUSCLE, 101 | WEAPON: the better gun stayed at the castle 81 | ENEMY: the chewers flank 55 | WEAPON: MAC & CHEESE — aim is a state of mind 54 | EARLIER: Tunde was already hurt 51 | HAZARD: the alarm was the loud kind 40
T5 OL-023 FOUR-LEVER (SWAP+WEAPON+CAR+CALLS, TRAIT excluded): 35.4% | SWAP 219 WEAPON 151 CAR 55 CALLS 144 (call-choice 10 + HIT ONE MORE 134) of 1608 losses | target ≥35%
T5 player-attributable losses (standing/legacy metric incl. TRAIT): 38.2% | was 18.5% | target ≥35%; causes {"ENEMY":622,"SWAP":219,"HAZARD":160,"WEAPON":151,"EARLIER":194,"LUCK":18,"CAR":55,"GREED":134,"TRAIT":45,"CHOICE":10}
T9 lines: repeats-within-3: 0 of 73074 uses | uncovered triggers [] | thin keys [] | distinct lines 1619 top share 2.1% [["a door goes down first",147],["Tunde stayed exactly as calm as Tunde was — CALM",121],["Tunde's shoulders never moved — CALM",119]]
R1 careful  roster end 8.88 of 9 | ≥6: 100% | min 8 | lost/career 0.00 (named 0.00) | ransom paid 0.00 | extract wins 1.02 / 1.23 | READY 8.75 | cash 570
R1 greedy   roster end 8.05 of 9 | ≥6: 93% | min 1 | lost/career 0.63 (named 0.50) | ransom paid 0.17 | extract wins 0.33 / 1.07 | READY 7.85 | cash 611
R1 naive    roster end 9.00 of 9 | ≥6: 100% | min 9 | lost/career 0.03 (named 0.03) | ransom paid 0.00 | extract wins 1.63 / 2.13 | READY 8.70 | cash 266
R1 random   roster end 8.35 of 9 | ≥6: 95% | min 5 | lost/career 0.47 (named 0.30) | ransom paid 0.05 | extract wins 1.27 / 1.70 | READY 8.09 | cash 231
R1 random arm: all OL-016 brakes              roster end 8.35 | ≥6: 95% | min 5 | lost/career 0.47
R1 random arm: no EXTRACT/RANSOM brakes       roster end 6.78 | ≥6: 78% | min 1 | lost/career 2.33
R1 random arm: no last-stand bail-out         roster end 7.03 | ≥6: 80% | min 1 | lost/career 1.88
R1 random arm: neither (approved sim rules)   roster end 4.70 | ≥6: 43% | min 1 | lost/career 4.47
skill gap strict: 0.43 | calls off: 0.22 | calls/PLAY 0.39
win bands: careful 80.0% naive 67.5% gap 12.50 pts | random 60.5% greedy 27.0% | wash careful/naive 5.5% 6.5%
nothing-happened strict: 3.6% | story-beat 96.4% | blame broad 98.9% | funny/dramatic 55.8% | retaliation share 6.3%
temptations {"RARE_PITCH":446,"DEMAND":117,"RECRUIT":118,"RESCUE":53,"RETALIATION":50,"INTEL":16}
BAILED rate (800-PLAY matrix) by policy: careful 12.0% | greedy 9.0% | naive 13.5% | random 17.0% | all 12.9% (103 of 800)
BAILED rate (careers) by policy: careful 5.7% | greedy 5.1% | naive 12.6% | random 12.7% | all 9.1%
BAILED invariants (BIG PLAY/HOLD excluded, crew>=2, no capture/death/shot, not robbed, pot lost, base heat only, no retaliation): 0 violations over 474 BAILED PLAYs
T2 named CAPTURED by job: {"boba_backroom":"6.3%","tupperware":"1.3%","vampire_dentist":"1.3%","dock_restock":"0.0%","car_wash_stickup":"1.3%","quiet_lift":"7.5%","vampire_gala":"8.8%","smack_crib":"5.0%","counting_house[BIG PLAY]":"18.8%","hold_the_house[HOLD]":"7.5%"} | routine offense only 3.9% | BIG PLAY + HOLD only 13.1%
WASH rate by job class: routine 3.6% | BIG PLAY + HOLD 14.4%
OL-022 T2 BANDS: routine offense 3.9% (target <=8%) | BIG PLAY 18.8% (target <=20%) | HOLD THE HOUSE 7.5% (target <=8%)
HOLD THE HOUSE win rate: careful 90.0% naive 65.0% greedy 20.0% random 70.0% | n 80 | FELL BACK rate 11.3% | WASH rate 12.5%
FALL BACK by policy (HOLD matrix): careful 5.0% | greedy 15.0% | naive 15.0% | random 10.0% | careers all 15 FELL BACK PLAYs
FALL BACK invariants (defense only, never offense/BIG PLAY, not BAILED/ROBBED, 0 capture/death/shot, product lost, base heat, exact klass): 0 violations over 24 FELL BACK PLAYs | BAILED on defense: 0
T9 pool sizing (pool > 3 x max uses per PLAY): all 178 triggers satisfy it
done (356356 ms)
