PASS club night 1: one scheduled dancer
PASS club night 1: moving collision target and pixel portraits
PASS club night 1: real paid throws hit and progress
PASS club night 1: max hype encore and persistent VIP
PASS club night 2: one scheduled dancer
PASS club night 2: moving collision target and pixel portraits
PASS club night 2: real paid throws hit and progress
PASS club night 2: max hype encore and persistent VIP
PASS club night 3: one scheduled dancer
PASS club night 3: moving collision target and pixel portraits
PASS club night 3: real paid throws hit and progress
PASS club night 3: max hype encore and persistent VIP
PASS VIP survives reload
PASS rave quit preserves retryable progress
PASS OL-075 exact reaction
PASS rave cuts straight into existing hunter fight
PASS rave completes and unlocks party hosting
PASS ramen: orders served, receipt and rewards settle
PASS retired pickup and garage utility absent from playable roster
PASS PLAY offer and answer buttons fit the stage
PASS PLAY loadout labels and controls do not overlap
PASS PLAY single hand compositor
PASS PLAY header fits phone
PASS 390 PLAY canonical result consumed exactly once
PASS no browser errors or missing assets
